\BOOKMARK [1][-]{section*.1}{\376\377\000R\000e\000s\000u\000m\000e\000n}{}% 1
\BOOKMARK [1][-]{section*.2}{\376\377\000A\000b\000s\000t\000r\000a\000c\000t}{}% 2
\BOOKMARK [1][-]{section.1}{\376\377\000I\000n\000t\000r\000o\000d\000u\000c\000c\000i\000\363\000n}{}% 3
\BOOKMARK [1][-]{section.2}{\376\377\000M\000a\000r\000c\000o\000\040\000T\000e\000\363\000r\000i\000c\000o}{}% 4
\BOOKMARK [2][-]{subsection.2.1}{\376\377\000L\000a\000\040\000t\000e\000o\000r\000\355\000a\000\040\000d\000e\000\040\000c\000a\000r\000t\000e\000r\000a\000s\000\040\000d\000e\000\040\000M\000a\000r\000k\000o\000w\000i\000t\000z}{section.2}% 5
\BOOKMARK [2][-]{subsection.2.2}{\376\377\000E\000l\000\040\000m\000o\000d\000e\000l\000o\000\040\000C\000A\000P\000M}{section.2}% 6
\BOOKMARK [2][-]{subsection.2.3}{\376\377\000M\000e\000d\000i\000d\000a\000s\000\040\000d\000e\000\040\000e\000v\000a\000l\000u\000a\000c\000i\000\363\000n\000\040\000d\000e\000\040\000c\000a\000r\000t\000e\000r\000a\000s}{section.2}% 7
\BOOKMARK [2][-]{subsection.2.4}{\376\377\000E\000l\000\040\000m\000o\000d\000e\000l\000o\000\040\000d\000e\000\040\000t\000r\000e\000s\000\040\000f\000a\000c\000t\000o\000r\000e\000s\000\040\000d\000e\000\040\000F\000a\000m\000a\000\040\000y\000\040\000F\000r\000e\000n\000c\000h}{section.2}% 8
\BOOKMARK [2][-]{subsection.2.5}{\376\377\000L\000a\000\040\000T\000e\000o\000r\000\355\000a\000\040\000d\000e\000\040\000V\000a\000l\000o\000r\000a\000c\000i\000\363\000n\000\040\000p\000o\000r\000\040\000A\000r\000b\000i\000t\000r\000a\000j\000e\000\040\000\050\000A\000P\000T\000\051}{section.2}% 9
\BOOKMARK [2][-]{subsection.2.6}{\376\377\000F\000u\000n\000d\000a\000m\000e\000n\000t\000o\000s\000\040\000t\000e\000\363\000r\000i\000c\000o\000s\000\040\000d\000e\000\040\000l\000a\000\040\000p\000r\000i\000m\000a\000\040\000E\000S\000G\000:\000\040\000r\000e\000v\000i\000s\000i\000\363\000n\000\040\000d\000e\000\040\000l\000a\000\040\000l\000i\000t\000e\000r\000a\000t\000u\000r\000a}{section.2}% 10
\BOOKMARK [2][-]{subsection.2.7}{\376\377\000H\000i\000p\000\363\000t\000e\000s\000i\000s\000\040\000d\000e\000\040\000i\000n\000v\000e\000s\000t\000i\000g\000a\000c\000i\000\363\000n}{section.2}% 11
\BOOKMARK [1][-]{section.3}{\376\377\000D\000a\000t\000o\000s\000\040\000y\000\040\000M\000e\000t\000o\000d\000o\000l\000o\000g\000\355\000a}{}% 12
\BOOKMARK [2][-]{subsection.3.1}{\376\377\000U\000n\000i\000v\000e\000r\000s\000o\000\040\000d\000e\000\040\000i\000n\000v\000e\000r\000s\000i\000\363\000n\000\040\000y\000\040\000s\000e\000l\000e\000c\000c\000i\000\363\000n\000\040\000m\000u\000e\000s\000t\000r\000a\000l}{section.3}% 13
\BOOKMARK [2][-]{subsection.3.2}{\376\377\000F\000u\000e\000n\000t\000e\000s\000\040\000d\000e\000\040\000d\000a\000t\000o\000s}{section.3}% 14
\BOOKMARK [2][-]{subsection.3.3}{\376\377\000C\000l\000a\000s\000i\000f\000i\000c\000a\000c\000i\000\363\000n\000\040\000E\000S\000G\000\040\000y\000\040\000c\000o\000n\000s\000t\000r\000u\000c\000c\000i\000\363\000n\000\040\000d\000e\000l\000\040\000f\000a\000c\000t\000o\000r\000\040\000G\000M\000B}{section.3}% 15
\BOOKMARK [2][-]{subsection.3.4}{\376\377\000E\000l\000\040\000m\000o\000d\000e\000l\000o\000\040\000d\000e\000\040\000c\000u\000a\000t\000r\000o\000\040\000f\000a\000c\000t\000o\000r\000e\000s\000\040\000F\000F\0004\000F\000-\000E\000S\000G}{section.3}% 16
\BOOKMARK [2][-]{subsection.3.5}{\376\377\000E\000s\000t\000i\000m\000a\000c\000i\000\363\000n\000\040\000y\000\040\000e\000r\000r\000o\000r\000e\000s\000\040\000e\000s\000t\000\341\000n\000d\000a\000r\000\040\000H\000A\000C}{section.3}% 17
\BOOKMARK [2][-]{subsection.3.6}{\376\377\000D\000e\000s\000c\000o\000m\000p\000o\000s\000i\000c\000i\000\363\000n\000\040\000d\000e\000\040\000S\000h\000a\000p\000l\000e\000y\000\040\000d\000e\000l\000\040\000R\0002}{section.3}% 18
\BOOKMARK [1][-]{section.4}{\376\377\000R\000e\000s\000u\000l\000t\000a\000d\000o\000s}{}% 19
\BOOKMARK [2][-]{subsection.4.1}{\376\377\000E\000s\000t\000a\000d\000\355\000s\000t\000i\000c\000o\000s\000\040\000d\000e\000s\000c\000r\000i\000p\000t\000i\000v\000o\000s\000\040\000d\000e\000l\000\040\000f\000a\000c\000t\000o\000r\000\040\000G\000M\000B}{section.4}% 20
\BOOKMARK [2][-]{subsection.4.2}{\376\377\000E\000s\000t\000a\000d\000\355\000s\000t\000i\000c\000o\000s\000\040\000d\000e\000\040\000l\000a\000s\000\040\000c\000a\000r\000t\000e\000r\000a\000s\000\040\000d\000e\000\040\000t\000e\000r\000c\000i\000l\000\040\000E\000S\000G}{section.4}% 21
\BOOKMARK [2][-]{subsection.4.3}{\376\377\000R\000e\000n\000t\000a\000b\000i\000l\000i\000d\000a\000d\000\040\000a\000c\000u\000m\000u\000l\000a\000d\000a\000\040\000d\000e\000l\000\040\000f\000a\000c\000t\000o\000r\000\040\000G\000M\000B}{section.4}% 22
\BOOKMARK [2][-]{subsection.4.4}{\376\377\000M\000a\000t\000r\000i\000z\000\040\000d\000e\000\040\000c\000o\000r\000r\000e\000l\000a\000c\000i\000o\000n\000e\000s\000\040\000e\000n\000t\000r\000e\000\040\000f\000a\000c\000t\000o\000r\000e\000s}{section.4}% 23
\BOOKMARK [2][-]{subsection.4.5}{\376\377\000L\000a\000\040\000p\000r\000i\000m\000a\000\040\000d\000e\000l\000\040\000f\000a\000c\000t\000o\000r\000\040\000G\000M\000B}{section.4}% 24
\BOOKMARK [2][-]{subsection.4.6}{\376\377\000C\000o\000m\000p\000a\000r\000a\000c\000i\000\363\000n\000\040\000m\000o\000d\000e\000l\000o\000s\000\040\000F\000F\0003\000F\000\040\000y\000\040\000F\000F\0004\000F\000-\000E\000S\000G}{section.4}% 25
\BOOKMARK [2][-]{subsection.4.7}{\376\377\000C\000a\000r\000g\000a\000\040\000f\000a\000c\000t\000o\000r\000i\000a\000l\000\040\000E\000S\000G\000\040\000p\000o\000r\000\040\000t\000e\000r\000c\000i\000l}{section.4}% 26
\BOOKMARK [2][-]{subsection.4.8}{\376\377\000S\000i\000g\000n\000i\000f\000i\000c\000a\000t\000i\000v\000i\000d\000a\000d\000\040\000i\000n\000d\000i\000v\000i\000d\000u\000a\000l\000\040\000d\000e\000l\000\040\000c\000o\000e\000f\000i\000c\000i\000e\000n\000t\000e\000\040}{section.4}% 27
\BOOKMARK [2][-]{subsection.4.9}{\376\377\000A\000n\000\341\000l\000i\000s\000i\000s\000\040\000s\000e\000c\000t\000o\000r\000i\000a\000l\000\040\000d\000e\000\040\000l\000a\000\040\000c\000a\000r\000g\000a\000\040\000E\000S\000G}{section.4}% 28
\BOOKMARK [2][-]{subsection.4.10}{\376\377\000D\000e\000s\000c\000o\000m\000p\000o\000s\000i\000c\000i\000\363\000n\000\040\000d\000e\000\040\000S\000h\000a\000p\000l\000e\000y\000\040\000d\000e\000l\000\040\000R\0002\000\040\000\050\000I\000B\000E\000X\000\040\0003\0005\000\051}{section.4}% 29
\BOOKMARK [1][-]{section.5}{\376\377\000D\000i\000s\000c\000u\000s\000i\000\363\000n}{}% 30
\BOOKMARK [2][-]{subsection.5.1}{\376\377\000C\000o\000n\000t\000r\000a\000s\000t\000e\000\040\000d\000e\000\040\000h\000i\000p\000\363\000t\000e\000s\000i\000s}{section.5}% 31
\BOOKMARK [2][-]{subsection.5.2}{\376\377\000C\000o\000n\000t\000e\000x\000t\000o\000\040\000g\000e\000o\000p\000o\000l\000\355\000t\000i\000c\000o\000\040\000y\000\040\000s\000e\000s\000g\000o\000\040\000d\000e\000l\000\040\000p\000e\000r\000\355\000o\000d\000o}{section.5}% 32
\BOOKMARK [2][-]{subsection.5.3}{\376\377\000C\000o\000r\000r\000e\000l\000a\000c\000i\000\363\000n\000\040\000G\000M\000B\000-\000H\000M\000L\000\040\000y\000\040\000o\000r\000t\000o\000g\000o\000n\000a\000l\000i\000d\000a\000d\000\040\000d\000e\000l\000\040\000f\000a\000c\000t\000o\000r}{section.5}% 33
\BOOKMARK [2][-]{subsection.5.4}{\376\377\000L\000i\000m\000i\000t\000a\000c\000i\000o\000n\000e\000s\000\040\000m\000e\000t\000o\000d\000o\000l\000\363\000g\000i\000c\000a\000s}{section.5}% 34
\BOOKMARK [1][-]{section.6}{\376\377\000C\000o\000n\000c\000l\000u\000s\000i\000o\000n\000e\000s}{}% 35
\BOOKMARK [1][-]{appendix.A}{\376\377\000E\000x\000t\000r\000a\000c\000t\000o\000\040\000d\000e\000\040\000s\000e\000r\000i\000e\000s\000\040\000t\000e\000m\000p\000o\000r\000a\000l\000e\000s\000\040\000d\000e\000\040\000l\000o\000s\000\040\000f\000a\000c\000t\000o\000r\000e\000s}{}% 36
\BOOKMARK [1][-]{appendix.B}{\376\377\000E\000s\000t\000i\000m\000a\000c\000i\000\363\000n\000\040\000i\000n\000d\000i\000v\000i\000d\000u\000a\000l\000:\000\040\000T\000o\000t\000a\000l\000E\000n\000e\000r\000g\000i\000e\000s\000\040\000S\000E\000\040\000\050\000T\000T\000E\000.\000P\000A\000\051}{}% 37
\BOOKMARK [1][-]{appendix.C}{\376\377\000N\000o\000t\000a\000\040\000m\000e\000t\000o\000d\000o\000l\000\363\000g\000i\000c\000a\000:\000\040\000e\000r\000r\000o\000r\000e\000s\000\040\000e\000s\000t\000\341\000n\000d\000a\000r\000\040\000H\000A\000C\000\040\000y\000\040\000d\000e\000s\000c\000o\000m\000p\000o\000s\000i\000c\000i\000\363\000n\000\040\000d\000e\000\040\000S\000h\000a\000p\000l\000e\000y}{}% 38
